###############################################################################
#
# IAR ELF Linker V7.40.1.8447/W32 for ARM                 22/May/2015  12:08:33
# Copyright 2007-2015 IAR Systems AB.
#
#    Output file  =  
#        C:\Users\Marco\Desktop\Esempi miei\Project\Lab\Esempio
#        Timers\EWARM\Example\Exe\Example.out
#    Map file     =  
#        C:\Users\Marco\Desktop\Esempi miei\Project\Lab\Esempio
#        Timers\EWARM\Example\List\Example.map
#    Command line =  
#        "C:\Users\Marco\Desktop\Esempi miei\Project\Lab\Esempio
#        Timers\EWARM\Example\Obj\main.o" "C:\Users\Marco\Desktop\Esempi
#        miei\Project\Lab\Esempio Timers\EWARM\Example\Obj\startup_stm32f30x.o"
#        "C:\Users\Marco\Desktop\Esempi miei\Project\Lab\Esempio
#        Timers\EWARM\Example\Obj\stm32f30x_adc.o"
#        "C:\Users\Marco\Desktop\Esempi miei\Project\Lab\Esempio
#        Timers\EWARM\Example\Obj\stm32f30x_can.o"
#        "C:\Users\Marco\Desktop\Esempi miei\Project\Lab\Esempio
#        Timers\EWARM\Example\Obj\stm32f30x_comp.o"
#        "C:\Users\Marco\Desktop\Esempi miei\Project\Lab\Esempio
#        Timers\EWARM\Example\Obj\stm32f30x_crc.o"
#        "C:\Users\Marco\Desktop\Esempi miei\Project\Lab\Esempio
#        Timers\EWARM\Example\Obj\stm32f30x_dac.o"
#        "C:\Users\Marco\Desktop\Esempi miei\Project\Lab\Esempio
#        Timers\EWARM\Example\Obj\stm32f30x_dbgmcu.o"
#        "C:\Users\Marco\Desktop\Esempi miei\Project\Lab\Esempio
#        Timers\EWARM\Example\Obj\stm32f30x_dma.o"
#        "C:\Users\Marco\Desktop\Esempi miei\Project\Lab\Esempio
#        Timers\EWARM\Example\Obj\stm32f30x_exti.o"
#        "C:\Users\Marco\Desktop\Esempi miei\Project\Lab\Esempio
#        Timers\EWARM\Example\Obj\stm32f30x_flash.o"
#        "C:\Users\Marco\Desktop\Esempi miei\Project\Lab\Esempio
#        Timers\EWARM\Example\Obj\stm32f30x_gpio.o"
#        "C:\Users\Marco\Desktop\Esempi miei\Project\Lab\Esempio
#        Timers\EWARM\Example\Obj\stm32f30x_i2c.o"
#        "C:\Users\Marco\Desktop\Esempi miei\Project\Lab\Esempio
#        Timers\EWARM\Example\Obj\stm32f30x_it.o"
#        "C:\Users\Marco\Desktop\Esempi miei\Project\Lab\Esempio
#        Timers\EWARM\Example\Obj\stm32f30x_iwdg.o"
#        "C:\Users\Marco\Desktop\Esempi miei\Project\Lab\Esempio
#        Timers\EWARM\Example\Obj\stm32f30x_misc.o"
#        "C:\Users\Marco\Desktop\Esempi miei\Project\Lab\Esempio
#        Timers\EWARM\Example\Obj\stm32f30x_opamp.o"
#        "C:\Users\Marco\Desktop\Esempi miei\Project\Lab\Esempio
#        Timers\EWARM\Example\Obj\stm32f30x_pwr.o"
#        "C:\Users\Marco\Desktop\Esempi miei\Project\Lab\Esempio
#        Timers\EWARM\Example\Obj\stm32f30x_rcc.o"
#        "C:\Users\Marco\Desktop\Esempi miei\Project\Lab\Esempio
#        Timers\EWARM\Example\Obj\stm32f30x_rtc.o"
#        "C:\Users\Marco\Desktop\Esempi miei\Project\Lab\Esempio
#        Timers\EWARM\Example\Obj\stm32f30x_spi.o"
#        "C:\Users\Marco\Desktop\Esempi miei\Project\Lab\Esempio
#        Timers\EWARM\Example\Obj\stm32f30x_syscfg.o"
#        "C:\Users\Marco\Desktop\Esempi miei\Project\Lab\Esempio
#        Timers\EWARM\Example\Obj\stm32f30x_tim.o"
#        "C:\Users\Marco\Desktop\Esempi miei\Project\Lab\Esempio
#        Timers\EWARM\Example\Obj\stm32f30x_usart.o"
#        "C:\Users\Marco\Desktop\Esempi miei\Project\Lab\Esempio
#        Timers\EWARM\Example\Obj\stm32f30x_wwdg.o"
#        "C:\Users\Marco\Desktop\Esempi miei\Project\Lab\Esempio
#        Timers\EWARM\Example\Obj\stm32f3_discovery.o"
#        "C:\Users\Marco\Desktop\Esempi miei\Project\Lab\Esempio
#        Timers\EWARM\Example\Obj\system_stm32f30x.o" --redirect
#        _Printf=_PrintfSmall --redirect _Scanf=_ScanfSmall -o
#        "C:\Users\Marco\Desktop\Esempi miei\Project\Lab\Esempio
#        Timers\EWARM\Example\Exe\Example.out" --map
#        "C:\Users\Marco\Desktop\Esempi miei\Project\Lab\Esempio
#        Timers\EWARM\Example\List\Example.map" --config
#        "C:\Users\Marco\Desktop\Esempi miei\Project\Lab\Esempio
#        Timers\EWARM\stm32f30x_flash.icf" --semihosting --entry
#        __iar_program_start --vfe
#
###############################################################################

*******************************************************************************
*** RUNTIME MODEL ATTRIBUTES
***

CppFlavor       = *
__SystemLibrary = DLib


*******************************************************************************
*** PLACEMENT SUMMARY
***

"A1":  place at 0x08000000 { ro section .intvec };
"P1":  place in [from 0x08000000 to 0x0803ffff] { ro };
"P2":  place in [from 0x20000000 to 0x20007fff] { rw, block CSTACK, block HEAP };

  Section            Kind        Address   Size  Object
  -------            ----        -------   ----  ------
"A1":                                     0x188
  .intvec            ro code  0x08000000  0x188  startup_stm32f30x.o [1]
                            - 0x08000188  0x188

"P1":                                     0x660
  .text              ro code  0x08000188  0x114  main.o [1]
  .text              ro code  0x0800029c   0x2c  stm32f30x_rcc.o [1]
  .text              ro code  0x080002c8   0x80  stm32f30x_gpio.o [1]
  .text              ro code  0x08000348   0xea  stm32f30x_tim.o [1]
  .text              ro code  0x08000434   0x6c  stm32f30x_misc.o [1]
  .text              ro code  0x080004a0   0xf8  system_stm32f30x.o [1]
  .text              ro code  0x08000598   0x2c  copy_init3.o [5]
  .text              ro code  0x080005c4   0x28  data_init.o [5]
  .text              ro code  0x080005ec   0x22  fpinit_M.o [4]
  .iar.init_table    const    0x08000610   0x14  - Linker created -
  .text              ro code  0x08000624   0x20  stm32f30x_it.o [1]
  .text              ro code  0x08000644   0x1a  cmain.o [5]
  .text              ro code  0x0800065e    0x4  low_level_init.o [3]
  .text              ro code  0x08000662    0x4  exit.o [3]
  .text              ro code  0x08000668    0xa  cexit.o [5]
  .text              ro code  0x08000674   0x14  exit.o [6]
  .text              ro code  0x08000688   0x10  startup_stm32f30x.o [1]
  .text              ro code  0x08000698    0xc  cstartup_M.o [5]
  .text              ro code  0x080006a4    0x4  startup_stm32f30x.o [1]
  .text              ro code  0x080006a8    0x4  startup_stm32f30x.o [1]
  .text              ro code  0x080006ac    0x4  startup_stm32f30x.o [1]
  .text              ro code  0x080006b0    0x4  startup_stm32f30x.o [1]
  .text              ro code  0x080006b4    0x4  startup_stm32f30x.o [1]
  .text              ro code  0x080006b8    0x4  startup_stm32f30x.o [1]
  .text              ro code  0x080006bc    0x4  startup_stm32f30x.o [1]
  .text              ro code  0x080006c0    0x4  startup_stm32f30x.o [1]
  .text              ro code  0x080006c4    0x4  startup_stm32f30x.o [1]
  .text              ro code  0x080006c8    0x4  startup_stm32f30x.o [1]
  .text              ro code  0x080006cc    0x4  startup_stm32f30x.o [1]
  .text              ro code  0x080006d0    0x4  startup_stm32f30x.o [1]
  .text              ro code  0x080006d4    0x4  startup_stm32f30x.o [1]
  .text              ro code  0x080006d8    0x4  startup_stm32f30x.o [1]
  .text              ro code  0x080006dc    0x4  startup_stm32f30x.o [1]
  .text              ro code  0x080006e0    0x4  startup_stm32f30x.o [1]
  .text              ro code  0x080006e4    0x4  startup_stm32f30x.o [1]
  .text              ro code  0x080006e8    0x4  startup_stm32f30x.o [1]
  .text              ro code  0x080006ec    0x4  startup_stm32f30x.o [1]
  .text              ro code  0x080006f0    0x4  startup_stm32f30x.o [1]
  .text              ro code  0x080006f4    0x4  startup_stm32f30x.o [1]
  .text              ro code  0x080006f8    0x4  startup_stm32f30x.o [1]
  .text              ro code  0x080006fc    0x4  startup_stm32f30x.o [1]
  .text              ro code  0x08000700    0x4  startup_stm32f30x.o [1]
  .text              ro code  0x08000704    0x4  startup_stm32f30x.o [1]
  .text              ro code  0x08000708    0x4  startup_stm32f30x.o [1]
  .text              ro code  0x0800070c    0x4  startup_stm32f30x.o [1]
  .text              ro code  0x08000710    0x4  startup_stm32f30x.o [1]
  .text              ro code  0x08000714    0x4  startup_stm32f30x.o [1]
  .text              ro code  0x08000718    0x4  startup_stm32f30x.o [1]
  .text              ro code  0x0800071c    0x4  startup_stm32f30x.o [1]
  .text              ro code  0x08000720    0x4  startup_stm32f30x.o [1]
  .text              ro code  0x08000724    0x4  startup_stm32f30x.o [1]
  .text              ro code  0x08000728    0x4  startup_stm32f30x.o [1]
  .text              ro code  0x0800072c    0x4  startup_stm32f30x.o [1]
  .text              ro code  0x08000730    0x4  startup_stm32f30x.o [1]
  .text              ro code  0x08000734    0x4  startup_stm32f30x.o [1]
  .text              ro code  0x08000738    0x4  startup_stm32f30x.o [1]
  .text              ro code  0x0800073c    0x4  startup_stm32f30x.o [1]
  .text              ro code  0x08000740    0x4  startup_stm32f30x.o [1]
  .text              ro code  0x08000744    0x4  startup_stm32f30x.o [1]
  .text              ro code  0x08000748    0x4  startup_stm32f30x.o [1]
  .text              ro code  0x0800074c    0x4  startup_stm32f30x.o [1]
  .text              ro code  0x08000750    0x4  startup_stm32f30x.o [1]
  .text              ro code  0x08000754    0x4  startup_stm32f30x.o [1]
  .text              ro code  0x08000758    0x4  startup_stm32f30x.o [1]
  .text              ro code  0x0800075c    0x4  startup_stm32f30x.o [1]
  .text              ro code  0x08000760    0x4  startup_stm32f30x.o [1]
  .text              ro code  0x08000764    0x4  startup_stm32f30x.o [1]
  .text              ro code  0x08000768    0x4  startup_stm32f30x.o [1]
  .text              ro code  0x0800076c    0x4  startup_stm32f30x.o [1]
  .text              ro code  0x08000770    0x4  startup_stm32f30x.o [1]
  .text              ro code  0x08000774    0x4  startup_stm32f30x.o [1]
  .text              ro code  0x08000778    0x4  startup_stm32f30x.o [1]
  .text              ro code  0x0800077c    0x4  startup_stm32f30x.o [1]
  .text              ro code  0x08000780    0x4  startup_stm32f30x.o [1]
  .text              ro code  0x08000784    0x4  startup_stm32f30x.o [1]
  .text              ro code  0x08000788    0x4  startup_stm32f30x.o [1]
  .text              ro code  0x0800078c    0x4  startup_stm32f30x.o [1]
  .text              ro code  0x08000790    0x4  startup_stm32f30x.o [1]
  .text              ro code  0x08000794    0x4  startup_stm32f30x.o [1]
  .text              ro code  0x08000798    0x4  startup_stm32f30x.o [1]
  .text              ro code  0x0800079c    0x4  startup_stm32f30x.o [1]
  .text              ro code  0x080007a0    0x4  startup_stm32f30x.o [1]
  .text              ro code  0x080007a4    0x4  startup_stm32f30x.o [1]
  .text              ro code  0x080007a8    0x4  startup_stm32f30x.o [1]
  .text              ro code  0x080007ac    0x4  startup_stm32f30x.o [1]
  .text              ro code  0x080007b0    0x4  startup_stm32f30x.o [1]
  .text              ro code  0x080007b4    0x4  startup_stm32f30x.o [1]
  .text              ro code  0x080007b8    0x4  startup_stm32f30x.o [1]
  .text              ro code  0x080007bc    0x4  startup_stm32f30x.o [1]
  .text              ro code  0x080007c0    0x4  startup_stm32f30x.o [1]
  .text              ro code  0x080007c4    0x4  startup_stm32f30x.o [1]
  .text              ro code  0x080007c8    0x4  startup_stm32f30x.o [1]
  .text              ro code  0x080007cc    0x4  startup_stm32f30x.o [1]
  .rodata            const    0x080007d0    0x0  copy_init3.o [5]
  Initializer bytes  const    0x080007d0   0x18  <for P2 s0>
                            - 0x080007e8  0x660

"P2":                                     0x418
  P2 s0                       0x20000000   0x18  <Init block>
    .data            inited   0x20000000   0x14  system_stm32f30x.o [1]
    .bss             inited   0x20000014    0x4  main.o [1]
  CSTACK                      0x20000018  0x400  <Block>
    CSTACK           uninit   0x20000018  0x400  <Block tail>
                            - 0x20000418  0x418


*******************************************************************************
*** INIT TABLE
***

          Address     Size
          -------     ----
Copy (__iar_copy_init3)
    1 source range, total size 0x18:
          0x080007d0  0x18
    1 destination range, total size 0x18:
          0x20000000  0x18



*******************************************************************************
*** MODULE SUMMARY
***

    Module               ro code  ro data  rw data
    ------               -------  -------  -------
C:\Users\Marco\Desktop\Esempi miei\Project\Lab\Esempio Timers\EWARM\Example\Obj: [1]
    main.o                   276        4        4
    startup_stm32f30x.o      708
    stm32f30x_gpio.o         128
    stm32f30x_it.o            32
    stm32f30x_misc.o         108
    stm32f30x_rcc.o           44
    stm32f30x_tim.o          234
    system_stm32f30x.o       248       20       20
    ----------------------------------------------
    Total:                 1 778       24       24

command line: [2]
    ----------------------------------------------
    Total:

dl7M_tln.a: [3]
    exit.o                     4
    low_level_init.o           4
    ----------------------------------------------
    Total:                     8

m7M_tls.a: [4]
    fpinit_M.o                34
    ----------------------------------------------
    Total:                    34

rt7M_tl.a: [5]
    cexit.o                   10
    cmain.o                   26
    copy_init3.o              44
    cstartup_M.o              12
    data_init.o               40
    ----------------------------------------------
    Total:                   132

shb_l.a: [6]
    exit.o                    20
    ----------------------------------------------
    Total:                    20

    Gaps                       6        2
    Linker created                     20    1 024
--------------------------------------------------
    Grand Total:           1 978       46    1 048


*******************************************************************************
*** ENTRY LIST
***

Entry                      Address  Size  Type      Object
-----                      -------  ----  ----      ------
.iar.init_table$$Base   0x08000610         --   Gb  - Linker created -
.iar.init_table$$Limit  0x08000624         --   Gb  - Linker created -
?main                   0x08000645        Code  Gb  cmain.o [5]
AHBPrescTable           0x20000000  0x10  Data  Gb  system_stm32f30x.o [1]
BusFault_Handler        0x0800062b   0x2  Code  Gb  stm32f30x_it.o [1]
CSTACK$$Base            0x20000018         --   Gb  - Linker created -
CSTACK$$Limit           0x20000418         --   Gb  - Linker created -
DebugMon_Handler        0x08000631   0x2  Code  Gb  stm32f30x_it.o [1]
EnableTimerInterrupt    0x08000209  0x20  Code  Gb  main.o [1]
GPIO_Init               0x080002c9  0x6e  Code  Gb  stm32f30x_gpio.o [1]
GPIO_ToggleBits         0x08000337   0x8  Code  Gb  stm32f30x_gpio.o [1]
GPIO_WriteBit           0x0800033f   0xa  Code  Gb  stm32f30x_gpio.o [1]
HardFault_Handler       0x08000627   0x2  Code  Gb  stm32f30x_it.o [1]
InitializeLEDs          0x08000189  0x36  Code  Gb  main.o [1]
InitializeTimer         0x080001bf  0x4a  Code  Gb  main.o [1]
MemManage_Handler       0x08000629   0x2  Code  Gb  stm32f30x_it.o [1]
NMI_Handler             0x08000625   0x2  Code  Gb  stm32f30x_it.o [1]
NVIC_Init               0x08000435  0x5a  Code  Gb  stm32f30x_misc.o [1]
PendSV_Handler          0x08000633   0x2  Code  Gb  stm32f30x_it.o [1]
RCC_AHBPeriphClockCmd   0x0800029d  0x12  Code  Gb  stm32f30x_rcc.o [1]
RCC_APB1PeriphClockCmd  0x080002af  0x12  Code  Gb  stm32f30x_rcc.o [1]
Region$$Table$$Base     0x08000610         --   Gb  - Linker created -
Region$$Table$$Limit    0x08000624         --   Gb  - Linker created -
SVC_Handler             0x0800062f   0x2  Code  Gb  stm32f30x_it.o [1]
SysTick_Handler         0x08000635   0xa  Code  Gb  stm32f30x_it.o [1]
SystemCoreClock         0x20000010   0x4  Data  Gb  system_stm32f30x.o [1]
SystemInit              0x080004a1  0xda  Code  Gb  system_stm32f30x.o [1]
TIM2_IRQHandler         0x08000229  0x28  Code  Gb  main.o [1]
TIM_ClearITPendingBit   0x08000429   0x2  Code  Gb  stm32f30x_tim.o [1]
TIM_Cmd                 0x080003c7  0x14  Code  Gb  stm32f30x_tim.o [1]
TIM_GetITStatus         0x08000413  0x16  Code  Gb  stm32f30x_tim.o [1]
TIM_ITConfig            0x08000401  0x12  Code  Gb  stm32f30x_tim.o [1]
TIM_TimeBaseInit        0x08000349  0x7e  Code  Gb  stm32f30x_tim.o [1]
TimingDelay             0x20000014   0x4  Data  Gb  main.o [1]
UsageFault_Handler      0x0800062d   0x2  Code  Gb  stm32f30x_it.o [1]
__cmain                 0x08000645        Code  Gb  cmain.o [5]
__exit                  0x08000675  0x14  Code  Gb  exit.o [6]
__iar_copy_init3        0x08000599  0x2c  Code  Gb  copy_init3.o [5]
__iar_data_init3        0x080005c5  0x28  Code  Gb  data_init.o [5]
__iar_init_vfp          0x080005ed        Code  Gb  fpinit_M.o [4]
__iar_program_start     0x08000699        Code  Gb  cstartup_M.o [5]
__low_level_init        0x0800065f   0x4  Code  Gb  low_level_init.o [3]
__vector_table          0x08000000        Data  Gb  startup_stm32f30x.o [1]
_call_main              0x08000651        Code  Gb  cmain.o [5]
_exit                   0x08000669        Code  Gb  cexit.o [5]
_main                   0x0800065b        Code  Gb  cmain.o [5]
exit                    0x08000663   0x4  Code  Gb  exit.o [3]
main                    0x08000251  0x36  Code  Gb  main.o [1]


[1] = C:\Users\Marco\Desktop\Esempi miei\Project\Lab\Esempio Timers\EWARM\Example\Obj
[2] = command line
[3] = dl7M_tln.a
[4] = m7M_tls.a
[5] = rt7M_tl.a
[6] = shb_l.a

  1 978 bytes of readonly  code memory
     46 bytes of readonly  data memory
  1 048 bytes of readwrite data memory

Errors: none
Warnings: none
